// Jest Snapshot v1, https://goo.gl/fbAQLP

exports[`should render expense list filter 1`] = `undefined`;
